[
 {
  "label": "base-12",
  "interval": 12,
  "seeds": [
   0,
   12
  ],
  "mean": 129416.8,
  "per_seed": [
   148306,
   124863,
   124744,
   137726,
   124446,
   102600,
   139266,
   145560,
   137269,
   110898,
   118494,
   138829
  ]
 },
 {
  "label": "seedres-12",
  "interval": 12,
  "seeds": [
   0,
   12
  ],
  "mean": 129416.8,
  "per_seed": [
   148306,
   124863,
   124744,
   137726,
   124446,
   102600,
   139266,
   145560,
   137269,
   110898,
   118494,
   138829
  ]
 },
 {
  "label": "base-24",
  "interval": 24,
  "seeds": [
   0,
   12
  ],
  "mean": 104737.5,
  "per_seed": [
   95968,
   90194,
   97670,
   121652,
   100231,
   90799,
   132076,
   114699,
   113770,
   84071,
   112330,
   103390
  ]
 },
 {
  "label": "seedres-24",
  "interval": 24,
  "seeds": [
   0,
   12
  ],
  "mean": 106149.3,
  "per_seed": [
   95968,
   90194,
   97670,
   121652,
   100230,
   90799,
   132076,
   117878,
   127534,
   84071,
   112330,
   103390
  ]
 }
]