[
 {
  "label": "fetchslack8-24",
  "interval": 24,
  "seeds": [
   0,
   12
  ],
  "mean": 101040.6,
  "per_seed": [
   115643,
   92334,
   108166,
   96044,
   119098,
   75406,
   108868,
   95982,
   112672,
   110910,
   94420,
   82944
  ]
 },
 {
  "label": "holders-24",
  "interval": 24,
  "seeds": [
   0,
   12
  ],
  "mean": 104325.6,
  "per_seed": [
   112944,
   91092,
   113154,
   110106,
   109068,
   70985,
   119382,
   90322,
   115511,
   107431,
   111106,
   100805
  ]
 },
 {
  "label": "fetchslack8-12",
  "interval": 12,
  "seeds": [
   0,
   12
  ],
  "mean": 120090.8,
  "per_seed": [
   124500,
   121185,
   124553,
   133802,
   145756,
   99098,
   121552,
   119245,
   129472,
   110343,
   104342,
   107242
  ]
 },
 {
  "label": "holders-12",
  "interval": 12,
  "seeds": [
   0,
   12
  ],
  "mean": 123447.8,
  "per_seed": [
   127006,
   117032,
   122258,
   134736,
   128538,
   105398,
   119140,
   129458,
   137237,
   118884,
   123315,
   118372
  ]
 }
]