[
 {
  "label": "harv-24",
  "interval": 24,
  "seeds": [
   0,
   12
  ],
  "mean": 107369.2,
  "per_seed": [
   117330,
   93040,
   100190,
   118347,
   112244,
   89012,
   122964,
   107253,
   113132,
   104644,
   116203,
   94072
  ]
 },
 {
  "label": "harv-12",
  "interval": 12,
  "seeds": [
   0,
   12
  ],
  "mean": 122485.1,
  "per_seed": [
   138762,
   105868,
   126424,
   130181,
   115752,
   102512,
   137572,
   116831,
   134660,
   126330,
   123014,
   111916
  ]
 },
 {
  "label": "spu20-24",
  "interval": 24,
  "seeds": [
   0,
   12
  ],
  "mean": 99843.9,
  "per_seed": [
   101992,
   77492,
   108394,
   100820,
   114801,
   67544,
   104542,
   104154,
   117471,
   118194,
   96130,
   86593
  ]
 },
 {
  "label": "spu20-12",
  "interval": 12,
  "seeds": [
   0,
   12
  ],
  "mean": 121658.5,
  "per_seed": [
   118738,
   109384,
   123306,
   126330,
   132135,
   101115,
   122336,
   126645,
   133758,
   120043,
   128440,
   117674
  ]
 },
 {
  "label": "spu16-24",
  "interval": 24,
  "seeds": [
   0,
   12
  ],
  "mean": 99695.5,
  "per_seed": [
   108872,
   94713,
   83566,
   114188,
   93076,
   88890,
   113086,
   98870,
   113712,
   84180,
   100390,
   102802
  ]
 },
 {
  "label": "spu16-12",
  "interval": 12,
  "seeds": [
   0,
   12
  ],
  "mean": 122901.2,
  "per_seed": [
   125292,
   120912,
   113298,
   120596,
   131078,
   108270,
   143124,
   143476,
   127884,
   106473,
   113436,
   120974
  ]
 }
]