[
 {
  "label": "base-24",
  "interval": 24,
  "seeds": [
   0,
   6
  ],
  "mean": 99418.9,
  "per_seed": [
   95968,
   90194,
   97670,
   121652,
   100231,
   90799
  ]
 },
 {
  "label": "dusk23-24",
  "interval": 24,
  "seeds": [
   0,
   6
  ],
  "mean": 97691.1,
  "per_seed": [
   93933,
   80484,
   98227,
   121060,
   106008,
   86434
  ]
 },
 {
  "label": "base-12",
  "interval": 12,
  "seeds": [
   0,
   6
  ],
  "mean": 127114.2,
  "per_seed": [
   148306,
   124863,
   124744,
   137726,
   124446,
   102600
  ]
 },
 {
  "label": "dusk23-12",
  "interval": 12,
  "seeds": [
   0,
   6
  ],
  "mean": 126033.3,
  "per_seed": [
   146652,
   120004,
   121916,
   135230,
   128610,
   103788
  ]
 }
]