[
 {
  "label": "lr200-24",
  "interval": 24,
  "seeds": [
   0,
   6
  ],
  "mean": 100233.7,
  "per_seed": [
   99793,
   92432,
   95992,
   111678,
   113830,
   87677
  ]
 },
 {
  "label": "lr0-24",
  "interval": 24,
  "seeds": [
   0,
   6
  ],
  "mean": 94307.4,
  "per_seed": [
   101214,
   92804,
   93904,
   97661,
   100526,
   79735
  ]
 },
 {
  "label": "lr200-12",
  "interval": 12,
  "seeds": [
   0,
   6
  ],
  "mean": 118468.7,
  "per_seed": [
   138820,
   112696,
   111780,
   121698,
   124620,
   101198
  ]
 },
 {
  "label": "lr0-12",
  "interval": 12,
  "seeds": [
   0,
   6
  ],
  "mean": 123631.2,
  "per_seed": [
   139547,
   112696,
   112494,
   137147,
   129902,
   110000
  ]
 }
]