[
 {
  "label": "res0-24",
  "interval": 24,
  "seeds": [
   0,
   6
  ],
  "mean": 99418.9,
  "per_seed": [
   95968,
   90194,
   97670,
   121652,
   100231,
   90799
  ]
 },
 {
  "label": "res6-24",
  "interval": 24,
  "seeds": [
   0,
   6
  ],
  "mean": 98864.5,
  "per_seed": [
   92207,
   99074,
   87654,
   107615,
   129767,
   76870
  ]
 },
 {
  "label": "res12-24",
  "interval": 24,
  "seeds": [
   0,
   6
  ],
  "mean": 91626.5,
  "per_seed": [
   123719,
   92082,
   63560,
   111250,
   84772,
   74376
  ]
 },
 {
  "label": "res6-12",
  "interval": 12,
  "seeds": [
   0,
   6
  ],
  "mean": 109605.8,
  "per_seed": [
   130544,
   106745,
   100994,
   110700,
   108787,
   99864
  ]
 },
 {
  "label": "res12-12",
  "interval": 12,
  "seeds": [
   0,
   6
  ],
  "mean": 123647.5,
  "per_seed": [
   141442,
   120191,
   119372,
   116566,
   128808,
   115506
  ]
 }
]