[
 {
  "label": "lead0-24",
  "interval": 24,
  "seeds": [
   0,
   6
  ],
  "mean": 99418.9,
  "per_seed": [
   95968,
   90194,
   97670,
   121652,
   100231,
   90799
  ]
 },
 {
  "label": "lead1-24",
  "interval": 24,
  "seeds": [
   0,
   6
  ],
  "mean": 97380.2,
  "per_seed": [
   97382,
   89188,
   94230,
   120552,
   95721,
   87206
  ]
 },
 {
  "label": "lead1-12",
  "interval": 12,
  "seeds": [
   0,
   6
  ],
  "mean": 126867.9,
  "per_seed": [
   146146,
   123382,
   124135,
   135645,
   130644,
   101254
  ]
 }
]