[
 {
  "label": "fd6-24",
  "interval": 24,
  "seeds": [
   0,
   6
  ],
  "mean": 95763.5,
  "per_seed": [
   100031,
   102828,
   87095,
   102323,
   103066,
   79238
  ]
 },
 {
  "label": "fd3-24",
  "interval": 24,
  "seeds": [
   0,
   6
  ],
  "mean": 97587.8,
  "per_seed": [
   113306,
   92538,
   81410,
   107638,
   112938,
   77698
  ]
 },
 {
  "label": "fd6-12",
  "interval": 12,
  "seeds": [
   0,
   6
  ],
  "mean": 120573.5,
  "per_seed": [
   132389,
   120396,
   113669,
   116051,
   135716,
   105219
  ]
 },
 {
  "label": "fd3-12",
  "interval": 12,
  "seeds": [
   0,
   6
  ],
  "mean": 122704.5,
  "per_seed": [
   134944,
   127695,
   114008,
   127994,
   133056,
   98529
  ]
 }
]